// Jest Snapshot v1, https://goo.gl/fbAQLP

exports[`<Authenticated /> renders without crashing and matches snapshot 1`] = `
<WithStyles(ForwardRef(Card))>
  <WithStyles(ForwardRef(CardMedia))
    className="media"
    image="https://example.com/picture.png"
    title="User"
  />
  <WithStyles(ForwardRef(CardContent))>
    <WithStyles(ForwardRef(Typography))
      gutterBottom={true}
      variant="h6"
    >
      Signed in
    </WithStyles(ForwardRef(Typography))>
    <WithStyles(ForwardRef(Typography))>
      Name
    </WithStyles(ForwardRef(Typography))>
    <WithStyles(ForwardRef(Typography))>
      email@example.com
    </WithStyles(ForwardRef(Typography))>
  </WithStyles(ForwardRef(CardContent))>
  <WithStyles(ForwardRef(CardActions))
    className="actions"
  >
    <WithStyles(ForwardRef(Button))
      color="secondary"
      onClick={[Function]}
      size="small"
    >
      Sign out
    </WithStyles(ForwardRef(Button))>
    <WithStyles(ForwardRef(Button))
      color="primary"
      onClick={[Function]}
      size="small"
    >
      Continue
    </WithStyles(ForwardRef(Button))>
  </WithStyles(ForwardRef(CardActions))>
</WithStyles(ForwardRef(Card))>
`;
