// Jest Snapshot v1, https://goo.gl/fbAQLP

exports[`<Progress /> renders without crashing and matches snapshot 1`] = `
<div
  className="root"
>
  <WithStyles(ForwardRef(CircularProgress))
    size={64}
  />
  <WithStyles(ForwardRef(Typography))
    className="text"
    color="textSecondary"
    variant="body1"
  >
    Loading...
  </WithStyles(ForwardRef(Typography))>
</div>
`;
